------------------------------------------------------------
Timing Analyzer Summary
------------------------------------------------------------

Type  : Slow 1100mV 85C Model Setup 'clk_div:inst5|clock_10Hz'
Slack : -15.389
TNS   : -141.689

Type  : Slow 1100mV 85C Model Setup 'SCOMP:inst|IO_WRITE'
Slack : -9.272
TNS   : -264.454

Type  : Slow 1100mV 85C Model Setup 'inst1|pll_main_inst|altera_pll_i|general[0].gpll~PLL_OUTPUT_COUNTER|divclk'
Slack : -6.108
TNS   : -52.012

Type  : Slow 1100mV 85C Model Hold 'inst1|pll_main_inst|altera_pll_i|general[0].gpll~PLL_OUTPUT_COUNTER|divclk'
Slack : 0.272
TNS   : 0.000

Type  : Slow 1100mV 85C Model Hold 'clk_div:inst5|clock_10Hz'
Slack : 0.331
TNS   : 0.000

Type  : Slow 1100mV 85C Model Hold 'SCOMP:inst|IO_WRITE'
Slack : 0.976
TNS   : 0.000

Type  : Slow 1100mV 85C Model Recovery 'clk_div:inst5|clock_10Hz'
Slack : -8.520
TNS   : -67.226

Type  : Slow 1100mV 85C Model Removal 'clk_div:inst5|clock_10Hz'
Slack : 0.604
TNS   : 0.000

Type  : Slow 1100mV 85C Model Minimum Pulse Width 'SCOMP:inst|IO_WRITE'
Slack : -0.394
TNS   : -19.892

Type  : Slow 1100mV 85C Model Minimum Pulse Width 'clk_div:inst5|clock_10Hz'
Slack : -0.394
TNS   : -9.949

Type  : Slow 1100mV 85C Model Minimum Pulse Width 'inst1|pll_main_inst|altera_pll_i|general[0].gpll~FRACTIONAL_PLL|vcoph[0]'
Slack : 1.666
TNS   : 0.000

Type  : Slow 1100mV 85C Model Minimum Pulse Width 'clock_50'
Slack : 9.670
TNS   : 0.000

Type  : Slow 1100mV 85C Model Minimum Pulse Width 'inst1|pll_main_inst|altera_pll_i|general[0].gpll~PLL_OUTPUT_COUNTER|divclk'
Slack : 48.785
TNS   : 0.000

Type  : Slow 1100mV 0C Model Setup 'clk_div:inst5|clock_10Hz'
Slack : -15.507
TNS   : -142.212

Type  : Slow 1100mV 0C Model Setup 'SCOMP:inst|IO_WRITE'
Slack : -9.255
TNS   : -264.803

Type  : Slow 1100mV 0C Model Setup 'inst1|pll_main_inst|altera_pll_i|general[0].gpll~PLL_OUTPUT_COUNTER|divclk'
Slack : -5.501
TNS   : -46.212

Type  : Slow 1100mV 0C Model Hold 'inst1|pll_main_inst|altera_pll_i|general[0].gpll~PLL_OUTPUT_COUNTER|divclk'
Slack : 0.253
TNS   : 0.000

Type  : Slow 1100mV 0C Model Hold 'clk_div:inst5|clock_10Hz'
Slack : 0.297
TNS   : 0.000

Type  : Slow 1100mV 0C Model Hold 'SCOMP:inst|IO_WRITE'
Slack : 0.827
TNS   : 0.000

Type  : Slow 1100mV 0C Model Recovery 'clk_div:inst5|clock_10Hz'
Slack : -8.565
TNS   : -67.776

Type  : Slow 1100mV 0C Model Removal 'clk_div:inst5|clock_10Hz'
Slack : 0.626
TNS   : 0.000

Type  : Slow 1100mV 0C Model Minimum Pulse Width 'SCOMP:inst|IO_WRITE'
Slack : -0.394
TNS   : -19.307

Type  : Slow 1100mV 0C Model Minimum Pulse Width 'clk_div:inst5|clock_10Hz'
Slack : -0.394
TNS   : -9.915

Type  : Slow 1100mV 0C Model Minimum Pulse Width 'inst1|pll_main_inst|altera_pll_i|general[0].gpll~FRACTIONAL_PLL|vcoph[0]'
Slack : 1.666
TNS   : 0.000

Type  : Slow 1100mV 0C Model Minimum Pulse Width 'clock_50'
Slack : 9.673
TNS   : 0.000

Type  : Slow 1100mV 0C Model Minimum Pulse Width 'inst1|pll_main_inst|altera_pll_i|general[0].gpll~PLL_OUTPUT_COUNTER|divclk'
Slack : 48.772
TNS   : 0.000

Type  : Fast 1100mV 85C Model Setup 'clk_div:inst5|clock_10Hz'
Slack : -8.039
TNS   : -74.800

Type  : Fast 1100mV 85C Model Setup 'inst1|pll_main_inst|altera_pll_i|general[0].gpll~PLL_OUTPUT_COUNTER|divclk'
Slack : -5.043
TNS   : -39.928

Type  : Fast 1100mV 85C Model Setup 'SCOMP:inst|IO_WRITE'
Slack : -4.849
TNS   : -136.321

Type  : Fast 1100mV 85C Model Hold 'clk_div:inst5|clock_10Hz'
Slack : 0.150
TNS   : 0.000

Type  : Fast 1100mV 85C Model Hold 'inst1|pll_main_inst|altera_pll_i|general[0].gpll~PLL_OUTPUT_COUNTER|divclk'
Slack : 0.160
TNS   : 0.000

Type  : Fast 1100mV 85C Model Hold 'SCOMP:inst|IO_WRITE'
Slack : 0.556
TNS   : 0.000

Type  : Fast 1100mV 85C Model Recovery 'clk_div:inst5|clock_10Hz'
Slack : -4.354
TNS   : -33.989

Type  : Fast 1100mV 85C Model Removal 'clk_div:inst5|clock_10Hz'
Slack : 0.193
TNS   : 0.000

Type  : Fast 1100mV 85C Model Minimum Pulse Width 'SCOMP:inst|IO_WRITE'
Slack : -0.189
TNS   : -1.306

Type  : Fast 1100mV 85C Model Minimum Pulse Width 'clk_div:inst5|clock_10Hz'
Slack : -0.040
TNS   : -0.184

Type  : Fast 1100mV 85C Model Minimum Pulse Width 'inst1|pll_main_inst|altera_pll_i|general[0].gpll~FRACTIONAL_PLL|vcoph[0]'
Slack : 1.666
TNS   : 0.000

Type  : Fast 1100mV 85C Model Minimum Pulse Width 'clock_50'
Slack : 9.336
TNS   : 0.000

Type  : Fast 1100mV 85C Model Minimum Pulse Width 'inst1|pll_main_inst|altera_pll_i|general[0].gpll~PLL_OUTPUT_COUNTER|divclk'
Slack : 48.895
TNS   : 0.000

Type  : Fast 1100mV 0C Model Setup 'clk_div:inst5|clock_10Hz'
Slack : -7.608
TNS   : -69.776

Type  : Fast 1100mV 0C Model Setup 'SCOMP:inst|IO_WRITE'
Slack : -4.606
TNS   : -130.523

Type  : Fast 1100mV 0C Model Setup 'inst1|pll_main_inst|altera_pll_i|general[0].gpll~PLL_OUTPUT_COUNTER|divclk'
Slack : -3.982
TNS   : -31.025

Type  : Fast 1100mV 0C Model Hold 'clk_div:inst5|clock_10Hz'
Slack : 0.124
TNS   : 0.000

Type  : Fast 1100mV 0C Model Hold 'inst1|pll_main_inst|altera_pll_i|general[0].gpll~PLL_OUTPUT_COUNTER|divclk'
Slack : 0.145
TNS   : 0.000

Type  : Fast 1100mV 0C Model Hold 'SCOMP:inst|IO_WRITE'
Slack : 0.393
TNS   : 0.000

Type  : Fast 1100mV 0C Model Recovery 'clk_div:inst5|clock_10Hz'
Slack : -4.161
TNS   : -32.635

Type  : Fast 1100mV 0C Model Removal 'clk_div:inst5|clock_10Hz'
Slack : 0.162
TNS   : 0.000

Type  : Fast 1100mV 0C Model Minimum Pulse Width 'SCOMP:inst|IO_WRITE'
Slack : -0.105
TNS   : -0.599

Type  : Fast 1100mV 0C Model Minimum Pulse Width 'clk_div:inst5|clock_10Hz'
Slack : 0.001
TNS   : 0.000

Type  : Fast 1100mV 0C Model Minimum Pulse Width 'inst1|pll_main_inst|altera_pll_i|general[0].gpll~FRACTIONAL_PLL|vcoph[0]'
Slack : 1.666
TNS   : 0.000

Type  : Fast 1100mV 0C Model Minimum Pulse Width 'clock_50'
Slack : 9.286
TNS   : 0.000

Type  : Fast 1100mV 0C Model Minimum Pulse Width 'inst1|pll_main_inst|altera_pll_i|general[0].gpll~PLL_OUTPUT_COUNTER|divclk'
Slack : 48.892
TNS   : 0.000

------------------------------------------------------------
